2026-07-23T19:08:34.531+05:30  INFO 43840 --- [demo] [main] com.example.demo.DemoApplication         : Starting DemoApplication using Java 22.0.1 with PID 43840 (B:\Downloads_C\demo\demo\target\classes started by shara in B:\Downloads_C\demo\demo)
2026-07-23T19:08:34.540+05:30  INFO 43840 --- [demo] [main] com.example.demo.DemoApplication         : No active profile set, falling back to 1 default profile: "default"
2026-07-23T19:08:34.943+05:30  INFO 43840 --- [demo] [main] o.s.boot.tomcat.TomcatWebServer          : Tomcat initialized with port 8080 (http)
2026-07-23T19:08:34.955+05:30  INFO 43840 --- [demo] [main] o.apache.catalina.core.StandardService   : Starting service [Tomcat]
2026-07-23T19:08:34.963+05:30  INFO 43840 --- [demo] [main] o.apache.catalina.core.StandardEngine    : Starting Servlet engine: [Apache Tomcat/11.0.22]
2026-07-23T19:08:34.997+05:30  INFO 43840 --- [demo] [main] b.w.c.s.WebApplicationContextInitializer : Root WebApplicationContext: initialization completed in 431 ms
2026-07-23T19:08:35.189+05:30  INFO 43840 --- [demo] [main] o.s.boot.tomcat.TomcatWebServer          : Tomcat started on port 8080 (http) with context path '/'
2026-07-23T19:08:35.192+05:30  INFO 43840 --- [demo] [main] com.example.demo.DemoApplication         : Started DemoApplication in 0.997 seconds (process running for 1.209)
2026-07-23T19:10:14.087+05:30  INFO 43840 --- [demo] [http-nio-8080-exec-2] o.apache.coyote.http11.Http11Processor   : Error parsing HTTP request header
 Note: further occurrences of HTTP request parsing errors will be logged at DEBUG level.

java.lang.IllegalArgumentException: Invalid character found in method name [0x160x030x010x000xf70x010x000x000xf30x030x030x090xbftd0x910xeb40xf4jZ$0xc4gE60x95`0x080x1e0x8f0x950xa40x0d0x070xe00x160xbb0x11K0x9f0xba0xc7 ]. HTTP method names must be tokens
	at org.apache.coyote.http11.Http11InputBuffer.parseRequestLine(Http11InputBuffer.java:391) ~[tomcat-embed-core-11.0.22.jar:11.0.22]
	at org.apache.coyote.http11.Http11Processor.service(Http11Processor.java:270) ~[tomcat-embed-core-11.0.22.jar:11.0.22]
	at org.apache.coyote.AbstractProcessorLight.process(AbstractProcessorLight.java:63) ~[tomcat-embed-core-11.0.22.jar:11.0.22]
	at org.apache.coyote.AbstractProtocol$ConnectionHandler.process(AbstractProtocol.java:1272) ~[tomcat-embed-core-11.0.22.jar:11.0.22]
	at org.apache.tomcat.util.net.NioEndpoint$SocketProcessor.doRun(NioEndpoint.java:1801) ~[tomcat-embed-core-11.0.22.jar:11.0.22]
	at org.apache.tomcat.util.net.SocketProcessorBase.run(SocketProcessorBase.java:52) ~[tomcat-embed-core-11.0.22.jar:11.0.22]
	at org.apache.tomcat.util.threads.ThreadPoolExecutor.runWorker(ThreadPoolExecutor.java:946) ~[tomcat-embed-core-11.0.22.jar:11.0.22]
	at org.apache.tomcat.util.threads.ThreadPoolExecutor$Worker.run(ThreadPoolExecutor.java:480) ~[tomcat-embed-core-11.0.22.jar:11.0.22]
	at org.apache.tomcat.util.threads.TaskThread$WrappingRunnable.run(TaskThread.java:57) ~[tomcat-embed-core-11.0.22.jar:11.0.22]
	at java.base/java.lang.Thread.run(Thread.java:1570) ~[na:na]

2026-07-23T19:10:19.431+05:30  INFO 43840 --- [demo] [http-nio-8080-exec-3] o.a.c.c.C.[Tomcat].[localhost].[/]       : Initializing Spring DispatcherServlet 'dispatcherServlet'
2026-07-23T19:10:19.432+05:30  INFO 43840 --- [demo] [http-nio-8080-exec-3] o.s.web.servlet.DispatcherServlet        : Initializing Servlet 'dispatcherServlet'
2026-07-23T19:10:19.434+05:30  INFO 43840 --- [demo] [http-nio-8080-exec-3] o.s.web.servlet.DispatcherServlet        : Completed initialization in 0 ms
2026-07-23T19:10:19.462+05:30  INFO 43840 --- [demo] [http-nio-8080-exec-3] com.example.demo.TestController          : Executing /working endpoint successfully
